[?25l[0mMicrosoft Windows [Version 10.0.17763.678][0K
(c) 2018 Microsoft Corporation. All rights reserved.[0K
[0K
C:\Users\user\Desktop\R특강\11>[0K
[0K
[0K
[0K[0m[1;1H[2J[0m                              g[0Ki[0Kt[0K]0;  - git[?25l
[0K[?25h]0; usage: git [--version] [--help] [-C <path>] [-c <name>=<value>][0K[?25l
           [--exec-path[=<path>]] [--html-path] [--man-path] [--in[0Kf
o-path][0K
           [-p | --paginate | -P | --no-pager] [--no-replace-objec[0Kt
s] [--bare][0K
           [--git-dir=<path>] [--work-tree=<path>] [--namespace=<n[0Ka
me>][0K
           <command> [<args>][0K
[0K
These are common Git commands used in various situations:[0K
[0K
start a working area (see also: git help tutorial)[0K
   clone      Clone a repository into a new directory[0K
   init       Create an empty Git repository or reinitialize an ex[0Ki
sting one[0K
[0K
work on the current change (see also: git help everyday)[0K
   add        Add file contents to the index[0K
   mv         Move or rename a file, a directory, or a symlink[0K
   reset      Reset current HEAD to the specified state[0K
   rm         Remove files from the working tree and from the inde[0Kx
[0K
[0K
examine the history and state (see also: git help revisions)[0K
   bisect     Use binary search to find the commit that introduced[0K
a bug[0K
   grep       Print lines matching a pattern[0K
   log        Show commit logs[0K
   show       Show various types of objects[0K
   status     Show the working tree status[0K
[0K
grow, mark and tweak your common history[0K
   branch     List, create, or delete branches[0K
   checkout    Switch branches or restore working tree files[0K
   commit     Record changes to the repository[0K
   diff       Show changes between commits, commit and working tre[0Ke
, etc[0K
   merge      Join two or more development histories together[0K
   rebase     Reapply commits on top of another base tip[0K
   tag        Create, list, delete or verify a tag object signed w[0Ki
th GPG[0K
[0K
collaborate (see also: git help workflows)[0K
   fetch      Download objects and refs from another repository[0K
   pull       Fetch from and integrate with another repository or [0Ka
 local branch[0K
   push       Update remote refs along with associated objects[0K
[0K
'git help -a' and 'git help -g' list available subcommands and som[0Ke
[0K
concept guides. See 'git help <command>' or 'git help <concept>'[0K
to read about a specific subcommand or concept.[0K
[0K
C:\Users\user\Desktop\R특강\11>[0K[?25hg[0Ki[0Kt[0K[36G[?25lC:\Users\user\Desktop\R특강\11>git i[0K[?25hn[0Ki[0Kt[0K[?25l
[0K[?25h]0;  - git  init]0; Reinitialized existing Git repository in C:/Users/user/Desktop/R특[0K[?25l
강/11/.git/[0K
[0K
C:\Users\user\Desktop\R특강\11>[0K[?25hg[0Ki[0Kt[0K[36G[?25lC:\Users\user\Desktop\R특강\11>git r[0K[?25he[0Km[0Ko[0Kt[0Ke[0K]0;  - git  remote[?25l
[0K[?25h]0; [?25l
C:\Users\user\Desktop\R특강\11>[0K[?25hg[0Ki[0Kt[0K[36G[?25lC:\Users\user\Desktop\R특강\11>git a[0K[?25hd[0Kd[0K[40G[?25lC:\Users\user\Desktop\R특강\11>git add .[0K[?25h]0;  - git  add .[?25l
[0K[?25hwarning: LF will be replaced by CRLF in .Rhistory.[0K[?25l
The file will have its original line endings in your working direc[0Kt
ory[0K
warning: LF will be replaced by CRLF in .Rproj.user/179F6A57/pcs/d[0Ke
bug-breakpoints.pper.[0K
The file will have its original line endings in your working direc[0Kt
ory[0K
warning: LF will be replaced by CRLF in .Rproj.user/179F6A57/pcs/f[0Ki
les-pane.pper.[0K
The file will have its original line endings in your working direc[0Kt
ory[0K
[0K[?25hwarning: LF will be replaced by CRLF in .Rproj.user/179F6A57/pcs/s[0Ko[?25l
urce-pane.pper.[0K
The file will have its original line endings in your working direc[0Kt
ory[0K
warning: LF will be replaced by CRLF in .Rproj.user/179F6A57/pcs/w[0Ki
ndowlayoutstate.pper.[0K
The file will have its original line endings in your working direc[0Kt
ory[0K
warning: LF will be replaced by CRLF in .Rproj.user/179F6A57/pcs/w[0Ko
rkbench-pane.pper.[0K
The file will have its original line endings in your working direc[0Kt
ory[0K
warning: LF will be replaced by CRLF in .Rproj.user/179F6A57/rmd-o[0Ku
tputs.[0K
The file will have its original line endings in your working direc[0Kt
ory[0K
warning: LF will be replaced by CRLF in .Rproj.user/179F6A57/sourc[0Ke
s/prop/12FB68D8.[0K
The file will have its original line endings in your working direc[0Kt
ory[0K
warning: LF will be replaced by CRLF in .Rproj.user/179F6A57/sourc[0Ke
s/prop/D0CCC64D.[0K
The file will have its original line endings in your working direc[0Kt
ory[0K
warning: LF will be replaced by CRLF in .Rproj.user/179F6A57/sourc[0Ke
s/prop/E24348E0.[0K
The file will have its original line endings in your working direc[0Kt
ory[0K
warning: LF will be replaced by CRLF in .Rproj.user/179F6A57/sourc[0Ke
s/prop/INDEX.[0K
The file will have its original line endings in your working direc[0Kt
ory[0K
[0K[?25hwarning: LF will be replaced by CRLF in .Rproj.user/shared/noteboo[0Kk[?25l
s/paths.[0K
The file will have its original line endings in your working direc[0Kt
ory[0K
warning: LF will be replaced by CRLF in .Rproj.user/179F6A57/sourc[0Ke[1G[?25h[?25l
s/prop/6842915E.[0K
The file will have its original line endings in your working direc[0Kt
ory[0K
warning: LF will be replaced by CRLF in .Rproj.user/179F6A57/sourc[0Ke
s/prop/9E3A0E79.[0K
The file will have its original line endings in your working direc[0Kt
ory[0K
warning: LF will be replaced by CRLF in .Rproj.user/179F6A57/sourc[0Ke
s/prop/A4065AC7.[0K
The file will have its original line endings in your working direc[0Kt
ory[0K
warning: LF will be replaced by CRLF in .Rproj.user/179F6A57/sourc[0Ke
s/prop/C7FF138C.[0K
The file will have its original line endings in your working direc[0Kt
ory[0K
warning: LF will be replaced by CRLF in .Rproj.user/179F6A57/sourc[0Ke
s/prop/CCB9C7B1.[0K
The file will have its original line endings in your working direc[0Kt
ory[0K
warning: LF will be replaced by CRLF in .Rproj.user/179F6A57/sourc[0Ke
s/prop/E55A91E8.[0K
The file will have its original line endings in your working direc[0Kt
ory[0K
warning: LF will be replaced by CRLF in .Rproj.user/179F6A57/sourc[0Ke
s/s-1E9A126D/1A26E8C9.[0K
The file will have its original line endings in your working direc[0Kt
ory[0K
warning: LF will be replaced by CRLF in .Rproj.user/179F6A57/sourc[0Ke
s/s-1E9A126D/1A26E8C9-contents.[0K
The file will have its original line endings in your working direc[0Kt
ory[0K
warning: LF will be replaced by CRLF in .Rproj.user/179F6A57/sourc[0Ke
s/s-1E9A126D/2435C28B-contents.[0K
The file will have its original line endings in your working direc[0Kt
ory[0K
warning: LF will be replaced by CRLF in .Rproj.user/179F6A57/sourc[0Ke
s/s-1E9A126D/28038660-contents.[0K
The file will have its original line endings in your working direc[0Kt
ory[0K
[0K[?25hwarning: LF will be replaced by CRLF in .Rproj.user/179F6A57/sourc[0Ke[?25l
s/s-1E9A126D/331A79D6-contents.[0K
The file will have its original line endings in your working direc[0Kt
ory[0K
warning: LF will be replaced by CRLF in .Rproj.user/179F6A57/sourc[0Ke
s/s-1E9A126D/41E62524.[0K
The file will have its original line endings in your working direc[0Kt
ory[0K
warning: LF will be replaced by CRLF in .Rproj.user/179F6A57/sourc[0Ke
s/s-1E9A126D/41E62524-contents.[0K
The file will have its original line endings in your working direc[0Kt
ory[0K
warning: LF will be replaced by CRLF in .Rproj.user/179F6A57/sourc[0Ke
s/s-1E9A126D/5ECB1ADF-contents.[0K
The file will have its original line endings in your working direc[0Kt
ory[0K
warning: LF will be replaced by CRLF in .Rproj.user/179F6A57/sourc[0Ke
s/s-1E9A126D/992FEF94.[0K
The file will have its original line endings in your working direc[0Kt
ory[0K
warning: LF will be replaced by CRLF in .Rproj.user/179F6A57/sourc[0Ke
s/s-1E9A126D/992FEF94-contents.[0K
The file will have its original line endings in your working direc[0Kt
ory[0K
[0K[?25hwarning: LF will be replaced by CRLF in .Rproj.user/179F6A57/sourc[0Ke[?25l
s/s-1E9A126D/B1988EC1.[0K
The file will have its original line endings in your working direc[0Kt
ory[0K
warning: LF will be replaced by CRLF in .Rproj.user/179F6A57/sourc[0Ke
s/s-1E9A126D/B1988EC1-contents.[0K
The file will have its original line endings in your working direc[0Kt
ory[0K
warning: LF will be replaced by CRLF in .Rproj.user/179F6A57/sourc[0Ke
s/s-1E9A126D/B59C9863-contents.[0K
The file will have its original line endings in your working direc[0Kt
ory[0K
warning: LF will be replaced by CRLF in .Rproj.user/179F6A57/sourc[0Ke
s/s-1E9A126D/D8AEC144.[0K
The file will have its original line endings in your working direc[0Kt
ory[0K
warning: LF will be replaced by CRLF in .Rproj.user/179F6A57/sourc[0Ke
s/s-1E9A126D/D8AEC144-contents.[0K
The file will have its original line endings in your working direc[0Kt
ory[0K
[0K[?25h]0; [?25l
C:\Users\user\Desktop\R특강\11>[0K[?25hg[0Ki[0Kt[0K[36G[?25lC:\Users\user\Desktop\R특강\11>git s[0K[?25ht[0Ka[0Kt[0Ku[0Ks[0K]0;  - git  status[?25l
[0K[?25hOn branch master[0K[?25l
Changes to be committed:[0K
  (use "git reset HEAD <file>..." to unstage)[0K
[0K
        [0;32mmodified:   .RData[0m[0K
        [0;32mmodified:   .Rhistory[0m[0K
        [0;32mmodified:   .Rproj.user/179F6A57/console06/9DE77619[0m[0K
        [0;32mmodified:   .Rproj.user/179F6A57/console06/INDEX001[0m[0K
        [0;32mmodified:   .Rproj.user/179F6A57/pcs/source-pane.pper[0m[0K
        [0;32mmodified:   .Rproj.user/179F6A57/pcs/workbench-pane.pper[0m[0K
        [0;32mmodified:   .Rproj.user/179F6A57/sources/prop/12FB68D8[0m[0K
        [0;32mnew file:   .Rproj.user/179F6A57/sources/prop/6842915E[0m[0K
        [0;32mnew file:   .Rproj.user/179F6A57/sources/prop/9E3A0E79[0m[0K
        [0;32mnew file:   .Rproj.user/179F6A57/sources/prop/A4065AC7[0m[0K
        [0;32mnew file:   .Rproj.user/179F6A57/sources/prop/C7FF138C[0m[0K
        [0;32mnew file:   .Rproj.user/179F6A57/sources/prop/CCB9C7B1[0m[0K
        [0;32mnew file:   .Rproj.user/179F6A57/sources/prop/E55A91E8[0m[0K
        [0;32mmodified:   .Rproj.user/179F6A57/sources/prop/INDEX[0m[0K
        [0;32mnew file:   .Rproj.user/179F6A57/sources/s-1E9A126D/1A26E8[0KC
9[0m[0K
        [0;32mnew file:   .Rproj.user/179F6A57/sources/s-1E9A126D/1A26E8[0KC
9-contents[0m[0K
        [0;32mnew file:   .Rproj.user/179F6A57/sources/s-1E9A126D/2435C2[0K8
B-contents[0m[0K
        [0;32mnew file:   .Rproj.user/179F6A57/sources/s-1E9A126D/280386[0K6
0-contents[0m[0K
        [0;32mrenamed:    .Rproj.user/179F6A57/sources/s-CE32E622/31452C[0K7
B-contents -> .Rproj.user/179F6A57/sources/s-1E9A126D/31452C7B-con[0Kt
ents[0m[0K
        [0;32mnew file:   .Rproj.user/179F6A57/sources/s-1E9A126D/331A79[0KD
6-contents[0m[0K
        [0;32mrenamed:    .Rproj.user/179F6A57/sources/s-CE32E622/41E625[0K2
4 -> .Rproj.user/179F6A57/sources/s-1E9A126D/41E62524[0m[0K
        [0;32mrenamed:    .Rproj.user/179F6A57/sources/s-CE32E622/41E625[0K2
4-contents -> .Rproj.user/179F6A57/sources/s-1E9A126D/41E62524-con[0Kt
ents[0m[0K
        [0;32mnew file:   .Rproj.user/179F6A57/sources/s-1E9A126D/5ECB1A[0KD
F-contents[0m[0K
        [0;32mrenamed:    .Rproj.user/179F6A57/sources/s-CE32E622/609C94[0K9
A-contents -> .Rproj.user/179F6A57/sources/s-1E9A126D/724785BE-con[0Kt
ents[0m[0K
        [0;32mrenamed:    .Rproj.user/179F6A57/sources/s-CE32E622/8D3E0B[0KC
D-contents -> .Rproj.user/179F6A57/sources/s-1E9A126D/8D3E0BCD-con[0Kt
ents[0m[0K
        [0;32mrenamed:    .Rproj.user/179F6A57/sources/s-CE32E622/992FEF[0K9
4 -> .Rproj.user/179F6A57/sources/s-1E9A126D/992FEF94[0m[0K
        [0;32mnew file:   .Rproj.user/179F6A57/sources/s-1E9A126D/992FEF[0K9
4-contents[0m[0K
        [0;32mrenamed:    .Rproj.user/179F6A57/sources/s-CE32E622/C0B839[0K6
0-contents -> .Rproj.user/179F6A57/sources/s-1E9A126D/A2A7615D-con[0Kt
ents[0m[0K
        [0;32mrenamed:    .Rproj.user/179F6A57/sources/s-CE32E622/B1988E[0KC
1 -> .Rproj.user/179F6A57/sources/s-1E9A126D/B1988EC1[0m[0K
        [0;32mrenamed:    .Rproj.user/179F6A57/sources/s-CE32E622/B1988E[0KC
1-contents -> .Rproj.user/179F6A57/sources/s-1E9A126D/B1988EC1-con[0Kt
ents[0m[0K
        [0;32mrenamed:    .Rproj.user/179F6A57/sources/s-CE32E622/C41296[0KF
3-contents -> .Rproj.user/179F6A57/sources/s-1E9A126D/B25AFB2F-con[0Kt
ents[0m[0K
        [0;32mnew file:   .Rproj.user/179F6A57/sources/s-1E9A126D/B59C98[0K6
3-contents[0m[0K
        [0;32mrenamed:    .Rproj.user/179F6A57/sources/s-CE32E622/lock_f[0Ki
le -> .Rproj.user/179F6A57/sources/s-1E9A126D/C41296F3-contents[0m[0K
        [0;32mrenamed:    .Rproj.user/179F6A57/sources/s-CE32E622/D8AEC1[0K4
4 -> .Rproj.user/179F6A57/sources/s-1E9A126D/D8AEC144[0m[0K
        [0;32mrenamed:    .Rproj.user/179F6A57/sources/s-CE32E622/D8AEC1[0K4
4-contents -> .Rproj.user/179F6A57/sources/s-1E9A126D/D8AEC144-con[0Kt
ents[0m[0K
        [0;32mnew file:   .Rproj.user/179F6A57/sources/s-1E9A126D/F2D3DB[0K1
D-contents[0m[0K
        [0;32mnew file:   .Rproj.user/179F6A57/sources/s-1E9A126D/lock_f[0Ki
le[0m[0K
        [0;32mdeleted:    .Rproj.user/179F6A57/sources/s-CE32E622/31452C[0K7
B[0m[0K
        [0;32mdeleted:    .Rproj.user/179F6A57/sources/s-CE32E622/4C098C[0K6
8-contents[0m[0K
        [0;32mdeleted:    .Rproj.user/179F6A57/sources/s-CE32E622/5E72A1[0KD
B-contents[0m[0K
        [0;32mdeleted:    .Rproj.user/179F6A57/sources/s-CE32E622/8CF9AB[0K3
7-contents[0m[0K
        [0;32mdeleted:    .Rproj.user/179F6A57/sources/s-CE32E622/8D3E0B[0KC
D[0m[0K
        [0;32mdeleted:    .Rproj.user/179F6A57/sources/s-CE32E622/992FEF[0K9
4-contents[0m[0K
        [0;32mdeleted:    .Rproj.user/179F6A57/sources/s-CE32E622/A8A1BF[0K5
8-contents[0m[0K
        [0;32mdeleted:    .Rproj.user/179F6A57/sources/s-CE32E622/A93E36[0KB
4-contents[0m[0K
        [0;32mdeleted:    .Rproj.user/179F6A57/sources/s-CE32E622/B77C05[0KB
7-contents[0m[0K
        [0;32mdeleted:    .Rproj.user/179F6A57/sources/s-CE32E622/C41296[0KF
3[0m[0K
        [0;32mdeleted:    .Rproj.user/179F6A57/sources/s-CE32E622/C8FD9B[0KD
E-contents[0m[0K
        [0;32mdeleted:    .Rproj.user/179F6A57/sources/s-CE32E622/D2542E[0K7
7-contents[0m[0K
        [0;32mdeleted:    .Rproj.user/179F6A57/sources/s-CE32E622/E8C7B5[0K2
-contents[0m[0K
        [0;32mmodified:   .Rproj.user/shared/notebooks/paths[0m[0K
        [0;32mmodified:   3.R[0m[0K
        [0;32mnew file:   4.R[0m[0K
        [0;32mnew file:   5.R[0m[0K
[0K
Changes not staged for commit:[0K
  (use "git add <file>..." to update what will be committed)[0K
  (use "git checkout -- <file>..." to discard changes in working d[0Ki
rectory)[0K
[0K
        [0;31mmodified:   .Rproj.user/179F6A57/console06/9DE77619[0m[0K
[0K
[0K[?25h]0; [?25l
C:\Users\user\Desktop\R특강\11>[0K[?25hg[0Ki[0Kt[0K[36G[?25l[21A        [0;32mdeleted:    .Rproj.user/179F6A57/sources/s-CE32E622/C41296F3[0K
[0m        [0;32mdeleted:    .Rproj.user/179F6A57/sources/s-CE32E622/C8FD9BDE-contents[0K
[0m        [0;32mdeleted:    .Rproj.user/179F6A57/sources/s-CE32E622/D2542E77-contents[0K
[0m        [0;32mdeleted:    .Rproj.user/179F6A57/sources/s-CE32E622/E8C7B52-contents[0K
[0m        [0;32mmodified:   .Rproj.user/shared/notebooks/paths[0K
[0m        [0;32mmodified:   3.R[0K
[0m        [0;32mnew file:   4.R[0K
[0m        [0;32mnew file:   5.R[0K
[0m[0K
Changes not staged for commit:[0K
  (use "git add <file>..." to update what will be committed)[0K
  (use "git checkout -- <file>..." to discard changes in working directory)[0K
[0K
        [0;31mmodified:   .Rproj.user/179F6A57/console06/9DE77619[0K
[0m[0K
[0K
C:\Users\user\Desktop\R특강\11>git[0K
[0K
[0K
[0K
[0K
[0K[5A[36G[?25h[?25lC:\Users\user\Desktop\R특강\11>git c[0K
[0K
[0K
[0K
[0K
[0K[5A[37G[?25h[?25lC:\Users\user\Desktop\R특강\11>git co[0K
[0K
[0K
[0K
[0K
[0K[5A[38G[?25h[?25lC:\Users\user\Desktop\R특강\11>git com[0K
[0K
[0K
[0K
[0K
[0K[5A[39G[?25h[?25lC:\Users\user\Desktop\R특강\11>git comm[0K
[0K
[0K
[0K
[0K
[0K[5A[40G[?25h[?25lC:\Users\user\Desktop\R특강\11>git commi[0K
[0K
[0K
[0K
[0K
[0K[5A[41G[?25h[?25lC:\Users\user\Desktop\R특강\11>git commit[0K
[0K
[0K
[0K
[0K
[0K[5A[42G[?25h[43G[?25lC:\Users\user\Desktop\R특강\11>git commit "[0K
[0K
[0K
[0K
[0K
[0K[5A[44G[?25h[?25lC:\Users\user\Desktop\R특강\11>git commit "f[0K
[0K
[0K
[0K
[0K
[0K[5A[45G[?25h[?25lC:\Users\user\Desktop\R특강\11>git commit "fi[0K
[0K
[0K
[0K
[0K
[0K[5A[46G[?25h[?25lC:\Users\user\Desktop\R특강\11>git commit "fir[0K
[0K
[0K
[0K
[0K
[0K[5A[47G[?25h[?25lC:\Users\user\Desktop\R특강\11>git commit "firs[0K
[0K
[0K
[0K
[0K
[0K[5A[48G[?25h[?25lC:\Users\user\Desktop\R특강\11>git commit "first[0K
[0K
[0K
[0K
[0K
[0K[5A[49G[?25h[50G[?25lC:\Users\user\Desktop\R특강\11>git commit "first c[0K
[0K
[0K
[0K
[0K
[0K[5A[51G[?25h[?25lC:\Users\user\Desktop\R특강\11>git commit "first co[0K
[0K
[0K
[0K
[0K
[0K[5A[52G[?25h[?25lC:\Users\user\Desktop\R특강\11>git commit "first com[0K
[0K
[0K
[0K
[0K
[0K[5A[53G[?25h[?25lC:\Users\user\Desktop\R특강\11>git commit "first comi[0K
[0K
[0K
[0K
[0K
[0K[5A[54G[?25h[?25lC:\Users\user\Desktop\R특강\11>git commit "first com[0K
[0K
[0K
[0K
[0K
[0K[5A[53G[?25h[?25lC:\Users\user\Desktop\R특강\11>git commit "first comm[0K
[0K
[0K
[0K
[0K
[0K[5A[54G[?25h[?25lC:\Users\user\Desktop\R특강\11>git commit "first commi[0K
[0K
[0K
[0K
[0K
[0K[5A[55G[?25h[?25lC:\Users\user\Desktop\R특강\11>git commit "first commit[0K
[0K
[0K
[0K
[0K
[0K[5A[56G[?25h[?25lC:\Users\user\Desktop\R특강\11>git commit "first commit"[0K
[0K
[0K
[0K
[0K
[0K[5A[57G[?25h]0;  - git  commit "first commit"[?25l
[?25herror: pathspec 'first commit' did not match any file(s) known to git[0K[?25l
[0K
[0K
[0K
[0K[3A[?25h]0; [0m[1;1H[2J[0m[0K[?25l
[0K
[0K
        [0;32mdeleted:    .Rproj.user/179F6A57/sources/s-CE32E622/C41296F3[0K
[0m        [0;32mdeleted:    .Rproj.user/179F6A57/sources/s-CE32E622/C8FD9BDE-contents[0K
[0m        [0;32mdeleted:    .Rproj.user/179F6A57/sources/s-CE32E622/D2542E77-contents[0K
[0m        [0;32mdeleted:    .Rproj.user/179F6A57/sources/s-CE32E622/E8C7B52-contents[0K
[0m        [0;32mmodified:   .Rproj.user/shared/notebooks/paths[0K
[0m        [0;32mmodified:   3.R[0K
[0m        [0;32mnew file:   4.R[0K
[0m        [0;32mnew file:   5.R[0K
[0m[0K
Changes not staged for commit:[0K
  (use "git add <file>..." to update what will be committed)[0K
  (use "git checkout -- <file>..." to discard changes in working directory)[0K
[0K
        [0;31mmodified:   .Rproj.user/179F6A57/console06/9DE77619[0K
[0m[0K
[0K
C:\Users\user\Desktop\R특강\11>git commit "first commit"[0K
error: pathspec 'first commit' did not match any file(s) known to git[0K
[0K
C:\Users\user\Desktop\R특강\11>[0K[?25hg[0Ki[0Kt[0K[36G[?25lC:\Users\user\Desktop\R특강\11>git c[0K[?25ho[0Km[0Km[0Ki[0Kt[0K[43G[?25lC:\Users\user\Desktop\R특강\11>git commit "[0K[?25hs[0Ke[0Kc[0Ko[0Kn[0Kf[0K[?25lC:\Users\user\Desktop\R특강\11>git commit "secon[0K[?25hd[0K[?25lC:\Users\user\Desktop\R특강\11>git commit "secon[0K[?25h[?25lC:\Users\user\Desktop\R특강\11>git commit "seco[0K[?25h[?25lC:\Users\user\Desktop\R특강\11>git commit "sec[0K[?25h[?25lC:\Users\user\Desktop\R특강\11>git commit "se[0K[?25h[?25lC:\Users\user\Desktop\R특강\11>git commit "s[0K[?25h[?25lC:\Users\user\Desktop\R특강\11>git commit "[0K[?25hf[0Ki[0Kr[0K[48G[?25lC:\Users\user\Desktop\R특강\11>git commit "fir c[0K[?25ho[0Km[0Km[0Ki[0Kt[0K"[0K]0;  - git  commit "fir commit"[?25l
[0K[?25herror: pathspec 'fir commit' did not match any file(s) known to git[0K[?25l
[0K[?25h]0; [?25l
C:\Users\user\Desktop\R특강\11>[0K[?25h[?25l[22A        [0;32mdeleted:    .Rproj.user/179F6A57/sources/s-CE32E622/C41296[0KF
3[0K
[0m        [0;32mdeleted:    .Rproj.user/179F6A57/sources/s-CE32E622/C8FD9B[0KD
E-contents[0K
[0m        [0;32mdeleted:    .Rproj.user/179F6A57/sources/s-CE32E622/D2542E[0K7
7-contents[0K
[0m        [0;32mdeleted:    .Rproj.user/179F6A57/sources/s-CE32E622/E8C7B5[0K2
-contents[0K
[0m        [0;32mmodified:   .Rproj.user/shared/notebooks/paths[0K
[0m        [0;32mmodified:   3.R[0K
[0m        [0;32mnew file:   4.R[0K
[0m        [0;32mnew file:   5.R[0K
[0m[0K
Changes not staged for commit:[0K
  (use "git add <file>..." to update what will be committed)[0K
  (use "git checkout -- <file>..." to discard changes in working d[0Ki
rectory)[0K
[0K
        [0;31mmodified:   .Rproj.user/179F6A57/console06/9DE77619[0K
[0m[0K
[0K
C:\Users\user\Desktop\R특강\11>git commit "first commit"[0K
error: pathspec 'first commit' did not match any file(s) known to [0Kg
it[0K
[0K
C:\Users\user\Desktop\R특강\11>git commit "fir commit"[0K
error: pathspec 'fir commit' did not match any file(s) known to gi[0Kt
[0K
[0K
C:\Users\user\Desktop\R특강\11>[0K[?25hgit commit "fir commit"[0K[54G[53G[52G[51G[50G[49G[48G[47G[46G[45G[44G[43G[42G[41G[40G[39G[38G[37G[36G[37G[38G[39G[40G[41G[42G[43G[42G[?25lC:\Users\user\Desktop\R특강\11>git commit  "fir commit"[0K[43G[?25h[?25lC:\Users\user\Desktop\R특강\11>git commit - "fir commit"[0K[44G[?25h[?25lC:\Users\user\Desktop\R특강\11>git commit -m "fir commit"[0K[45G[?25h[46G[47G[48G[49G[50G[?25lC:\Users\user\Desktop\R특강\11>git commit -m "firs commit"[0K[51G[?25h[?25lC:\Users\user\Desktop\R특강\11>git commit -m "first commit"[0K[52G[?25h[53G[54G[55G[56G]0;  - git  commit -m "first commit"[?25l
[0K[?25h[master 39dcfbd] first commit[0K[?25l
 54 files changed, 1502 insertions(+), 881 deletions(-)[0K
 rewrite .RData (99%)[0K
 rewrite .Rhistory (73%)[0K
 rewrite .Rproj.user/179F6A57/console06/9DE77619 (91%)[0K
 rewrite .Rproj.user/179F6A57/console06/INDEX001 (84%)[0K
 create mode 100644 .Rproj.user/179F6A57/sources/prop/6842915E[0K
 create mode 100644 .Rproj.user/179F6A57/sources/prop/9E3A0E79[0K
 create mode 100644 .Rproj.user/179F6A57/sources/prop/A4065AC7[0K
 create mode 100644 .Rproj.user/179F6A57/sources/prop/C7FF138C[0K
 create mode 100644 .Rproj.user/179F6A57/sources/prop/CCB9C7B1[0K
 create mode 100644 .Rproj.user/179F6A57/sources/prop/E55A91E8[0K
 create mode 100644 .Rproj.user/179F6A57/sources/s-1E9A126D/1A26E8[0KC
9[0K
 create mode 100644 .Rproj.user/179F6A57/sources/s-1E9A126D/1A26E8[0KC
9-contents[0K
 create mode 100644 .Rproj.user/179F6A57/sources/s-1E9A126D/2435C2[0K8
B-contents[0K
 create mode 100644 .Rproj.user/179F6A57/sources/s-1E9A126D/280386[0K6
0-contents[0K
 rename .Rproj.user/179F6A57/sources/{s-CE32E622 => s-1E9A126D}/31[0K4
52C7B-contents (100%)[0K
 create mode 100644 .Rproj.user/179F6A57/sources/s-1E9A126D/331A79[0KD
6-contents[0K
 rename .Rproj.user/179F6A57/sources/{s-CE32E622 => s-1E9A126D}/41[0KE
62524 (100%)[0K
 rename .Rproj.user/179F6A57/sources/{s-CE32E622 => s-1E9A126D}/41[0KE
62524-contents (100%)[0K
 create mode 100644 .Rproj.user/179F6A57/sources/s-1E9A126D/5ECB1A[0KD
F-contents[0K
 rename .Rproj.user/179F6A57/sources/{s-CE32E622/609C949A-contents[0K
=> s-1E9A126D/724785BE-contents} (100%)[0K
 rename .Rproj.user/179F6A57/sources/{s-CE32E622 => s-1E9A126D}/8D[0K3
E0BCD-contents (100%)[0K
 rename .Rproj.user/179F6A57/sources/{s-CE32E622 => s-1E9A126D}/99[0K2
FEF94 (74%)[0K
 create mode 100644 .Rproj.user/179F6A57/sources/s-1E9A126D/992FEF[0K9
4-contents[0K
 rename .Rproj.user/179F6A57/sources/{s-CE32E622/C0B83960-contents[0K
=> s-1E9A126D/A2A7615D-contents} (100%)[0K
 rename .Rproj.user/179F6A57/sources/{s-CE32E622 => s-1E9A126D}/B1[0K9
88EC1 (100%)[0K
 rename .Rproj.user/179F6A57/sources/{s-CE32E622 => s-1E9A126D}/B1[0K9
88EC1-contents (100%)[0K
 rename .Rproj.user/179F6A57/sources/{s-CE32E622/C41296F3-contents[0K
=> s-1E9A126D/B25AFB2F-contents} (100%)[0K
 create mode 100644 .Rproj.user/179F6A57/sources/s-1E9A126D/B59C98[0K6
3-contents[0K
 rename .Rproj.user/179F6A57/sources/{s-CE32E622/lock_file => s-1E[0K9
A126D/C41296F3-contents} (100%)[0K
 rename .Rproj.user/179F6A57/sources/{s-CE32E622 => s-1E9A126D}/D8[0KA
EC144 (100%)[0K
 rename .Rproj.user/179F6A57/sources/{s-CE32E622 => s-1E9A126D}/D8[0KA
EC144-contents (100%)[0K
 create mode 100644 .Rproj.user/179F6A57/sources/s-1E9A126D/F2D3DB[0K1
D-contents[0K
 create mode 100644 .Rproj.user/179F6A57/sources/s-1E9A126D/lock_f[0Ki
le[0K
 delete mode 100644 .Rproj.user/179F6A57/sources/s-CE32E622/31452C[0K7
B[0K
 delete mode 100644 .Rproj.user/179F6A57/sources/s-CE32E622/4C098C[0K6
8-contents[0K
 delete mode 100644 .Rproj.user/179F6A57/sources/s-CE32E622/5E72A1[0KD
B-contents[0K
 delete mode 100644 .Rproj.user/179F6A57/sources/s-CE32E622/8CF9AB[0K3
7-contents[0K
 delete mode 100644 .Rproj.user/179F6A57/sources/s-CE32E622/8D3E0B[0KC
D[0K
 delete mode 100644 .Rproj.user/179F6A57/sources/s-CE32E622/992FEF[0K9
4-contents[0K
 delete mode 100644 .Rproj.user/179F6A57/sources/s-CE32E622/A8A1BF[0K5
8-contents[0K
 delete mode 100644 .Rproj.user/179F6A57/sources/s-CE32E622/A93E36[0KB
4-contents[0K
 delete mode 100644 .Rproj.user/179F6A57/sources/s-CE32E622/B77C05[0KB
7-contents[0K
 delete mode 100644 .Rproj.user/179F6A57/sources/s-CE32E622/C41296[0KF
3[0K
 delete mode 100644 .Rproj.user/179F6A57/sources/s-CE32E622/C8FD9B[0KD
E-contents[0K
 delete mode 100644 .Rproj.user/179F6A57/sources/s-CE32E622/D2542E[0K7
7-contents[0K
 delete mode 100644 .Rproj.user/179F6A57/sources/s-CE32E622/E8C7B5[0K2
-contents[0K
 create mode 100644 4.R[0K
 create mode 100644 5.R[0K
[0K[?25h]0; [?25l
C:\Users\user\Desktop\R특강\11>[0K[?25hg[0Ki[0Kt[0K[36G[?25lC:\Users\user\Desktop\R특강\11>git r[0K[?25he[0Km[0Ko[0Kt[0Ke[0K[43G[?25lC:\Users\user\Desktop\R특강\11>git remote a[0K[?25hd[0Kd[0K[47G[?25lC:\Users\user\Desktop\R특강\11>git remote add o[0K[?25hr[0Ki[0Kg[0Ki[0Kn[0K[54G[?25lC:\Users\user\Desktop\R특강\11>git remote add origin h[0K[?25ht[0Kt[0Kp[0Ks[0K:[0K/[0K/[0K[61G[60G[59G[58G[59G[?25lC:\Users\user\Desktop\R특강\11>git remote add origin http://[0K[58G[?25h[59G[60G[61G[?25lC:\Users\user\Desktop\R특강\11>git remote add origin http://g[0K[?25hi[0Kt[0K[65G[64G[?25lC:\Users\user\Desktop\R특강\11>git remote add origin http://gith[0K[?25hu[0Kb[0K[0K.[?25l
[0K[?25hc[0Ko[0Km[0K/[0KA[0KN[0K[?25lcom/A[0K[?25hn[0Kt[0K9[0K6[0K1[0K5[0K/[0KR[0K_[0Ks[0Kp[0Ke[0Kl[0Ke[0Kc[0K.[0Kg[0Ki[0Kt[0K]0;  - git  remote add origin http://github.com/Ant9615/R_spelec.git[?25l
[0K[?25h]0; [?25l
C:\Users\user\Desktop\R특강\11>[0K[?25hg[0Ko[0K[?25lC:\Users\user\Desktop\R특강\11>g[0K[?25h[?25lC:\Users\user\Desktop\R특강\11>[0K[?25hg[0Ki[0Kt[0K[36G[?25lC:\Users\user\Desktop\R특강\11>git p[0K[?25hu[0Ks[0Kh[0K[41G[?25lC:\Users\user\Desktop\R특강\11>git push -[0K[?25hu[0K[44G[?25lC:\Users\user\Desktop\R특강\11>git push -u o[0K[?25hr[0Ki[0Kg[0Ki[0Kn[0K[51G[?25lC:\Users\user\Desktop\R특강\11>git push -u origin m[0K[?25ha[0Ks[0Kt[0Ke[0Kr[0K]0;  - git  push -u origin master[?25l
[0K[?25hwarning: redirecting to https://github.com/Ant9615/R_spelec.git/[0K[?25l
[0K[?25hEnumerating objects: 94, done.[0K[?25l
Counting objects:  88% (83/94)[0K[1G[?25hCounting objects: 100% (94/94), done.[0K[?25l
Delta compression using up to 8 threads[0K
Compressing objects: 100% (85/85), done.[0K
Writing objects:  69% (65/94)[0K[1G[?25hWriting objects: 100% (94/94), 54.70 KiB | 2.60 MiB/s, done.[0K[?25l
Total 94 (delta 17), reused 0 (delta 0)[0K
[0K[?25hremote:[0K[?25l
remote:[0K
remote:[0K[38G[?25h[?25l
remote:[0K
remote:[0K
remote:[0K
remote:[0K
remote:[0K
remote:[0K
remote:[0K
remote:[0K
remote: Resolving deltas: 100% (17/17), done.[0K
[0K[?25hTo http://github.com/Ant9615/R_spelec.git[0K[?25l
 * [new branch]      master -> master[0K
[0K[?25h]0; Branch 'master' set up to track remote branch 'master' from 'origi[0Kn[?25l
'.[0K
[0K
C:\Users\user\Desktop\R특강\11>[0K[?25h[?25l[17Aremote:                                                            remote:                                                            remote[0K:
                                                            remote:                                                            remote:[0K
                                                     remote:                                                            remote:[0K
                                              remote:                                                            remote:[0K
                                       remote:                                                            remote:[0K
                                remote: Resolving deltas: 100% (17/17), done.[0K
To http://github.com/Ant9615/R_spelec.git[0K
 * [new branch]      master -> master[0K
Branch 'master' set up to track remote branch 'master' from 'origin'.[0K
[0K
C:\Users\user\Desktop\R특강\11>[0K
[0K
[0K
[0K
[0K
[0K
[0K
[0K[7A[32G[?25h[?25lC:\Users\user\Desktop\R특강\11>g[0K
[0K
[0K
[0K
[0K
[0K
[0K
[0K[7A[33G[?25h[?25lC:\Users\user\Desktop\R특강\11>gi[0K
[0K
[0K
[0K
[0K
[0K
[0K
[0K[7A[34G[?25h[?25lC:\Users\user\Desktop\R특강\11>git[0K
[0K
[0K
[0K
[0K
[0K
[0K
[0K[7A[35G[?25h[36G[?25lC:\Users\user\Desktop\R특강\11>git a[0K
[0K
[0K
[0K
[0K
[0K
[0K
[0K[7A[37G[?25h[?25lC:\Users\user\Desktop\R특강\11>git ad[0K
[0K
[0K
[0K
[0K
[0K
[0K
[0K[7A[38G[?25h[?25lC:\Users\user\Desktop\R특강\11>git add[0K
[0K
[0K
[0K
[0K
[0K
[0K
[0K[7A[39G[?25h[40G[?25lC:\Users\user\Desktop\R특강\11>git add .[0K
[0K
[0K
[0K
[0K
[0K
[0K
[0K[7A[41G[?25h[?25l
[?25hwarning: LF will be replaced by CRLF in .Rproj.user/179F6A57/sources/prop/6842915E.[0K[?25l
The file will have its original line endings in your working directory[0K
warning: LF will be replaced by CRLF in .Rproj.user/179F6A57/sources/s-1E9A126D/1A26E8C9.[0K
The file will have its original line endings in your working directory[0K
warning: LF will be replaced by CRLF in .Rproj.user/179F6A57/sources/s-1E9A126D/1A26E8C9-contents.[0K
The file will have its original line endings in your working directory[0K
[0K[?25h]0; [?25l
C:\Users\user\Desktop\R특강\11>[0K[?25hg[0Ki[0Kt[0K[36G[?25lC:\Users\user\Desktop\R특강\11>git r[0K[?25he[0Km[0Ko[0Kt[0Ke[0K]0;  - git  remote[?25l
[0K[?25h]0; origin[0K[?25l
[0K
C:\Users\user\Desktop\R특강\11>[0K[?25hg[0Ki[0Kt[0K[36G[?25lC:\Users\user\Desktop\R특강\11>git s[0K[?25ht[0Ka[0Kt[0Ku[0Ks[0K]0;  - git  status[?25l
[0K[?25h]0; On branch master[0K[?25l
Your branch is up to date with 'origin/master'.[0K
[0K
Changes to be committed:[0K
  (use "git reset HEAD <file>..." to unstage)[0K
[0K
        [0;32mmodified:   .Rproj.user/179F6A57/console06/9DE77619[0m[0K
        [0;32mmodified:   .Rproj.user/179F6A57/console06/INDEX001[0m[0K
        [0;32mmodified:   .Rproj.user/179F6A57/sources/prop/6842915E[0m[0K
        [0;32mmodified:   .Rproj.user/179F6A57/sources/s-1E9A126D/1A26E8C9[0m[0K
        [0;32mmodified:   .Rproj.user/179F6A57/sources/s-1E9A126D/1A26E8C9-contents[0m[0K
        [0;32mmodified:   4.R[0m[0K
[0K
Changes not staged for commit:[0K
  (use "git add <file>..." to update what will be committed)[0K
  (use "git checkout -- <file>..." to discard changes in working directory)[0K
[0K
        [0;31mmodified:   .Rproj.user/179F6A57/console06/9DE77619[0m[0K
[0K
[0K
C:\Users\user\Desktop\R특강\11>[0K[?25hg[0Ki[0Kt[0K[36G[35G[?25lC:\Users\user\Desktop\R특강\11>gi[0K[?25h[?25lC:\Users\user\Desktop\R특강\11>g[0K[?25h[?25lC:\Users\user\Desktop\R특강\11>[0K[?25hgit status[0K[?25lC:\Users\user\Desktop\R특강\11>git remote[0K[?25h[?25lC:\Users\user\Desktop\R특강\11>git add .[0K[?25h[?25lC:\Users\user\Desktop\R특강\11>git push -u origin master[0K[?25h]0;  - git  push -u origin master[?25l
[0K[?25hwarning: redirecting to https://github.com/Ant9615/R_spelec.git/[0K[?25l
[0K[?25hEverything up-to-date[0K[?25l
[0K[?25h]0; Branch 'master' set up to track remote branch 'master' from 'origin'.[0K[?25l
[0K
C:\Users\user\Desktop\R특강\11>[0K[?25h